// Vitest Snapshot v1, https://vitest.dev/guide/snapshot.html

exports[`Header component > snapshot test of Component story 1`] = `
<div>
  <header
    class="flex items-center justify-between"
  >
    <img
      alt="Ence Pence Nowa Huta"
      class="md:h-[121px] md:w-[150px]"
      src="/app/components/Logo.svg"
    />
    <button
      class="inline-flex h-7 w-7 items-center justify-center whitespace-nowrap rounded-md border border-base bg-neutral-0 p-2 transition-colors hover:bg-strong focus-visible:outline-none focus-visible:ring-2 focus-visible:ring-primary-600 focus-visible:ring-offset-2 disabled:pointer-events-none disabled:opacity-50 md:hidden"
      title="Nawigacja strony"
    >
      <svg
        class="inline h-6 w-6 self-center"
      >
        <use
          href="/app/components/atoms/icon/icons/sprite.svg#menu"
        />
      </svg>
    </button>
    <nav
      class="hidden md:block"
    >
      <ul
        class="list-none gap-6 md:flex"
      >
        <li
          class="flex items-center justify-center"
        >
          <a
            aria-current="page"
            class="font-sans hover:text-primary-950 text-neutral-950 text-xl font-bold"
            href="/"
          >
            Strona główna
          </a>
        </li>
        <li
          class="flex items-center justify-center"
        >
          <a
            class="font-sans text-neutral-500 hover:text-primary-950 text-xl font-bold"
            href="/aktualnosci"
          >
            Aktualności
          </a>
        </li>
        <li
          class="flex items-center justify-center"
        >
          <a
            class="font-sans text-neutral-500 hover:text-primary-950 text-xl font-bold"
            href="/oferta"
          >
            Oferta
          </a>
        </li>
        <li>
          <a
            class="inline-flex items-center justify-center whitespace-nowrap rounded-md text-sm font-medium transition-colors focus-visible:outline-none focus-visible:ring-2 focus-visible:ring-primary-600 focus-visible:ring-offset-2 disabled:pointer-events-none disabled:opacity-50 border border-primary-600 bg-neutral-0 text-primary-600 hover:bg-primary-100/30 h-[40px] px-4 py-3"
            href="/kontakt"
          >
            Kontakt
          </a>
        </li>
      </ul>
    </nav>
  </header>
</div>
`;

exports[`Header component > snapshot test of Desktop story 1`] = `
<div>
  <header
    class="flex items-center justify-between"
  >
    <img
      alt="Ence Pence Nowa Huta"
      class="md:h-[121px] md:w-[150px]"
      src="/app/components/Logo.svg"
    />
    <button
      class="inline-flex h-7 w-7 items-center justify-center whitespace-nowrap rounded-md border border-base bg-neutral-0 p-2 transition-colors hover:bg-strong focus-visible:outline-none focus-visible:ring-2 focus-visible:ring-primary-600 focus-visible:ring-offset-2 disabled:pointer-events-none disabled:opacity-50 md:hidden"
      title="Nawigacja strony"
    >
      <svg
        class="inline h-6 w-6 self-center"
      >
        <use
          href="/app/components/atoms/icon/icons/sprite.svg#menu"
        />
      </svg>
    </button>
    <nav
      class="hidden md:block"
    >
      <ul
        class="list-none gap-6 md:flex"
      >
        <li
          class="flex items-center justify-center"
        >
          <a
            aria-current="page"
            class="font-sans hover:text-primary-950 text-neutral-950 text-xl font-bold"
            href="/"
          >
            Strona główna
          </a>
        </li>
        <li
          class="flex items-center justify-center"
        >
          <a
            class="font-sans text-neutral-500 hover:text-primary-950 text-xl font-bold"
            href="/aktualnosci"
          >
            Aktualności
          </a>
        </li>
        <li
          class="flex items-center justify-center"
        >
          <a
            class="font-sans text-neutral-500 hover:text-primary-950 text-xl font-bold"
            href="/oferta"
          >
            Oferta
          </a>
        </li>
        <li>
          <a
            class="inline-flex items-center justify-center whitespace-nowrap rounded-md text-sm font-medium transition-colors focus-visible:outline-none focus-visible:ring-2 focus-visible:ring-primary-600 focus-visible:ring-offset-2 disabled:pointer-events-none disabled:opacity-50 border border-primary-600 bg-neutral-0 text-primary-600 hover:bg-primary-100/30 h-[40px] px-4 py-3"
            href="/kontakt"
          >
            Kontakt
          </a>
        </li>
      </ul>
    </nav>
  </header>
</div>
`;

exports[`Header component > snapshot test of Mobile story 1`] = `
<div>
  <header
    class="flex items-center justify-between"
  >
    <img
      alt="Ence Pence Nowa Huta"
      class="md:h-[121px] md:w-[150px]"
      src="/app/components/Logo.svg"
    />
    <button
      class="inline-flex h-7 w-7 items-center justify-center whitespace-nowrap rounded-md border border-base bg-neutral-0 p-2 transition-colors hover:bg-strong focus-visible:outline-none focus-visible:ring-2 focus-visible:ring-primary-600 focus-visible:ring-offset-2 disabled:pointer-events-none disabled:opacity-50 md:hidden"
      title="Nawigacja strony"
    >
      <svg
        class="inline h-6 w-6 self-center"
      >
        <use
          href="/app/components/atoms/icon/icons/sprite.svg#menu"
        />
      </svg>
    </button>
    <nav
      class="hidden md:block"
    >
      <ul
        class="list-none gap-6 md:flex"
      >
        <li
          class="flex items-center justify-center"
        >
          <a
            aria-current="page"
            class="font-sans hover:text-primary-950 text-neutral-950 text-xl font-bold"
            href="/"
          >
            Strona główna
          </a>
        </li>
        <li
          class="flex items-center justify-center"
        >
          <a
            class="font-sans text-neutral-500 hover:text-primary-950 text-xl font-bold"
            href="/aktualnosci"
          >
            Aktualności
          </a>
        </li>
        <li
          class="flex items-center justify-center"
        >
          <a
            class="font-sans text-neutral-500 hover:text-primary-950 text-xl font-bold"
            href="/oferta"
          >
            Oferta
          </a>
        </li>
        <li>
          <a
            class="inline-flex items-center justify-center whitespace-nowrap rounded-md text-sm font-medium transition-colors focus-visible:outline-none focus-visible:ring-2 focus-visible:ring-primary-600 focus-visible:ring-offset-2 disabled:pointer-events-none disabled:opacity-50 border border-primary-600 bg-neutral-0 text-primary-600 hover:bg-primary-100/30 h-[40px] px-4 py-3"
            href="/kontakt"
          >
            Kontakt
          </a>
        </li>
      </ul>
    </nav>
  </header>
</div>
`;

exports[`Header component > snapshot test of Tablet story 1`] = `
<div>
  <header
    class="flex items-center justify-between"
  >
    <img
      alt="Ence Pence Nowa Huta"
      class="md:h-[121px] md:w-[150px]"
      src="/app/components/Logo.svg"
    />
    <button
      class="inline-flex h-7 w-7 items-center justify-center whitespace-nowrap rounded-md border border-base bg-neutral-0 p-2 transition-colors hover:bg-strong focus-visible:outline-none focus-visible:ring-2 focus-visible:ring-primary-600 focus-visible:ring-offset-2 disabled:pointer-events-none disabled:opacity-50 md:hidden"
      title="Nawigacja strony"
    >
      <svg
        class="inline h-6 w-6 self-center"
      >
        <use
          href="/app/components/atoms/icon/icons/sprite.svg#menu"
        />
      </svg>
    </button>
    <nav
      class="hidden md:block"
    >
      <ul
        class="list-none gap-6 md:flex"
      >
        <li
          class="flex items-center justify-center"
        >
          <a
            aria-current="page"
            class="font-sans hover:text-primary-950 text-neutral-950 text-xl font-bold"
            href="/"
          >
            Strona główna
          </a>
        </li>
        <li
          class="flex items-center justify-center"
        >
          <a
            class="font-sans text-neutral-500 hover:text-primary-950 text-xl font-bold"
            href="/aktualnosci"
          >
            Aktualności
          </a>
        </li>
        <li
          class="flex items-center justify-center"
        >
          <a
            class="font-sans text-neutral-500 hover:text-primary-950 text-xl font-bold"
            href="/oferta"
          >
            Oferta
          </a>
        </li>
        <li>
          <a
            class="inline-flex items-center justify-center whitespace-nowrap rounded-md text-sm font-medium transition-colors focus-visible:outline-none focus-visible:ring-2 focus-visible:ring-primary-600 focus-visible:ring-offset-2 disabled:pointer-events-none disabled:opacity-50 border border-primary-600 bg-neutral-0 text-primary-600 hover:bg-primary-100/30 h-[40px] px-4 py-3"
            href="/kontakt"
          >
            Kontakt
          </a>
        </li>
      </ul>
    </nav>
  </header>
</div>
`;
